Analysis & Synthesis report for sparseguard
Thu Oct  8 15:54:28 2026
Quartus Prime Version 25.1std.0 Build 1129 10/21/2025 SC Lite Edition


---------------------
; Table of Contents ;
---------------------
  1. Legal Notice
  2. Analysis & Synthesis Summary
  3. Analysis & Synthesis Settings
  4. Parallel Compilation
  5. Analysis & Synthesis Source Files Read
  6. Analysis & Synthesis Resource Usage Summary
  7. Analysis & Synthesis Resource Utilization by Entity
  8. Analysis & Synthesis RAM Summary
  9. Analysis & Synthesis DSP Block Usage Summary
 10. State Machine - |sparseguard_top|sparseguard:u_core|state
 11. State Machine - |sparseguard_top|sparseguard:u_core|sha256_core:hash_core|state
 12. State Machine - |sparseguard_top|sparseguard:u_core|vpu_decoder:decoder|state
 13. Registers Removed During Synthesis
 14. Removed Registers Triggering Further Register Optimizations
 15. General Register Statistics
 16. Inverted Register Statistics
 17. Registers Packed Into Inferred Megafunctions
 18. Multiplexer Restructuring Statistics (Restructuring Performed)
 19. Source assignments for sparseguard:u_core|vpu_ram:ram|altsyncram:mem_rtl_0|altsyncram_g3q1:auto_generated
 20. Parameter Settings for Inferred Entity Instance: sparseguard:u_core|vpu_ram:ram|altsyncram:mem_rtl_0
 21. altsyncram Parameter Settings by Entity Instance
 22. Port Connectivity Checks: "sparseguard:u_core|sha256_core:hash_core"
 23. Port Connectivity Checks: "sparseguard:u_core|vpu_decoder:decoder"
 24. Port Connectivity Checks: "sparseguard:u_core"
 25. Port Connectivity Checks: "spi_slave:u_spi"
 26. Post-Synthesis Netlist Statistics for Top Partition
 27. Elapsed Time Per Partition
 28. Analysis & Synthesis Messages



----------------
; Legal Notice ;
----------------
Copyright (C) 2025  Altera Corporation. All rights reserved.
Your use of Altera Corporation's design tools, logic functions 
and other software and tools, and any partner logic 
functions, and any output files from any of the foregoing 
(including device programming or simulation files), and any 
associated documentation or information are expressly subject 
to the terms and conditions of the Altera Program License 
Subscription Agreement, the Altera Quartus Prime License Agreement,
the Altera IP License Agreement, or other applicable license
agreement, including, without limitation, that your use is for
the sole purpose of programming logic devices manufactured by
Altera and sold by Altera or its authorized distributors.  Please
refer to the Altera Software License Subscription Agreements 
on the Quartus Prime software download page.



+-----------------------------------------------------------------------------------+
; Analysis & Synthesis Summary                                                      ;
+---------------------------------+-------------------------------------------------+
; Analysis & Synthesis Status     ; Successful - Thu Oct  8 15:54:28 2026           ;
; Quartus Prime Version           ; 25.1std.0 Build 1129 10/21/2025 SC Lite Edition ;
; Revision Name                   ; sparseguard                                     ;
; Top-level Entity Name           ; sparseguard_top                                 ;
; Family                          ; Cyclone V                                       ;
; Logic utilization (in ALMs)     ; N/A                                             ;
; Total registers                 ; 2769                                            ;
; Total pins                      ; 10                                              ;
; Total virtual pins              ; 0                                               ;
; Total block memory bits         ; 8,192                                           ;
; Total DSP Blocks                ; 7                                               ;
; Total HSSI RX PCSs              ; 0                                               ;
; Total HSSI PMA RX Deserializers ; 0                                               ;
; Total HSSI TX PCSs              ; 0                                               ;
; Total HSSI PMA TX Serializers   ; 0                                               ;
; Total PLLs                      ; 0                                               ;
; Total DLLs                      ; 0                                               ;
+---------------------------------+-------------------------------------------------+


+---------------------------------------------------------------------------------------------------------------------------+
; Analysis & Synthesis Settings                                                                                             ;
+---------------------------------------------------------------------------------+--------------------+--------------------+
; Option                                                                          ; Setting            ; Default Value      ;
+---------------------------------------------------------------------------------+--------------------+--------------------+
; Device                                                                          ; 5CSEBA6U23I7       ;                    ;
; Top-level entity name                                                           ; sparseguard_top    ; sparseguard        ;
; Family name                                                                     ; Cyclone V          ; Cyclone V          ;
; Use smart compilation                                                           ; Off                ; Off                ;
; Enable parallel Assembler and Timing Analyzer during compilation                ; On                 ; On                 ;
; Enable compact report table                                                     ; Off                ; Off                ;
; Restructure Multiplexers                                                        ; Auto               ; Auto               ;
; MLAB Add Timing Constraints For Mixed-Port Feed-Through Mode Setting Don't Care ; Off                ; Off                ;
; Create Debugging Nodes for IP Cores                                             ; Off                ; Off                ;
; Preserve fewer node names                                                       ; On                 ; On                 ;
; Intel FPGA IP Evaluation Mode                                                   ; Enable             ; Enable             ;
; Verilog Version                                                                 ; Verilog_2001       ; Verilog_2001       ;
; VHDL Version                                                                    ; VHDL_1993          ; VHDL_1993          ;
; State Machine Processing                                                        ; Auto               ; Auto               ;
; Safe State Machine                                                              ; Off                ; Off                ;
; Extract Verilog State Machines                                                  ; On                 ; On                 ;
; Extract VHDL State Machines                                                     ; On                 ; On                 ;
; Ignore Verilog initial constructs                                               ; Off                ; Off                ;
; Iteration limit for constant Verilog loops                                      ; 5000               ; 5000               ;
; Iteration limit for non-constant Verilog loops                                  ; 250                ; 250                ;
; Add Pass-Through Logic to Inferred RAMs                                         ; On                 ; On                 ;
; Infer RAMs from Raw Logic                                                       ; On                 ; On                 ;
; Parallel Synthesis                                                              ; On                 ; On                 ;
; DSP Block Balancing                                                             ; Auto               ; Auto               ;
; NOT Gate Push-Back                                                              ; On                 ; On                 ;
; Power-Up Don't Care                                                             ; On                 ; On                 ;
; Remove Redundant Logic Cells                                                    ; Off                ; Off                ;
; Remove Duplicate Registers                                                      ; On                 ; On                 ;
; Ignore CARRY Buffers                                                            ; Off                ; Off                ;
; Ignore CASCADE Buffers                                                          ; Off                ; Off                ;
; Ignore GLOBAL Buffers                                                           ; Off                ; Off                ;
; Ignore ROW GLOBAL Buffers                                                       ; Off                ; Off                ;
; Ignore LCELL Buffers                                                            ; Off                ; Off                ;
; Ignore SOFT Buffers                                                             ; On                 ; On                 ;
; Limit AHDL Integers to 32 Bits                                                  ; Off                ; Off                ;
; Optimization Technique                                                          ; Balanced           ; Balanced           ;
; Carry Chain Length                                                              ; 70                 ; 70                 ;
; Auto Carry Chains                                                               ; On                 ; On                 ;
; Auto Open-Drain Pins                                                            ; On                 ; On                 ;
; Perform WYSIWYG Primitive Resynthesis                                           ; Off                ; Off                ;
; Auto ROM Replacement                                                            ; On                 ; On                 ;
; Auto RAM Replacement                                                            ; On                 ; On                 ;
; Auto DSP Block Replacement                                                      ; On                 ; On                 ;
; Auto Shift Register Replacement                                                 ; Auto               ; Auto               ;
; Allow Shift Register Merging across Hierarchies                                 ; Auto               ; Auto               ;
; Auto Clock Enable Replacement                                                   ; On                 ; On                 ;
; Strict RAM Replacement                                                          ; Off                ; Off                ;
; Allow Synchronous Control Signals                                               ; On                 ; On                 ;
; Force Use of Synchronous Clear Signals                                          ; Off                ; Off                ;
; Auto Resource Sharing                                                           ; Off                ; Off                ;
; Allow Any RAM Size For Recognition                                              ; Off                ; Off                ;
; Allow Any ROM Size For Recognition                                              ; Off                ; Off                ;
; Allow Any Shift Register Size For Recognition                                   ; Off                ; Off                ;
; Use LogicLock Constraints during Resource Balancing                             ; On                 ; On                 ;
; Ignore translate_off and synthesis_off directives                               ; Off                ; Off                ;
; Timing-Driven Synthesis                                                         ; On                 ; On                 ;
; Report Parameter Settings                                                       ; On                 ; On                 ;
; Report Source Assignments                                                       ; On                 ; On                 ;
; Report Connectivity Checks                                                      ; On                 ; On                 ;
; Ignore Maximum Fan-Out Assignments                                              ; Off                ; Off                ;
; Synchronization Register Chain Length                                           ; 3                  ; 3                  ;
; Power Optimization During Synthesis                                             ; Normal compilation ; Normal compilation ;
; HDL message level                                                               ; Level2             ; Level2             ;
; Suppress Register Optimization Related Messages                                 ; Off                ; Off                ;
; Number of Removed Registers Reported in Synthesis Report                        ; 5000               ; 5000               ;
; Number of Swept Nodes Reported in Synthesis Report                              ; 5000               ; 5000               ;
; Number of Inverted Registers Reported in Synthesis Report                       ; 100                ; 100                ;
; Clock MUX Protection                                                            ; On                 ; On                 ;
; Auto Gated Clock Conversion                                                     ; Off                ; Off                ;
; Block Design Naming                                                             ; Auto               ; Auto               ;
; SDC constraint protection                                                       ; Off                ; Off                ;
; Synthesis Effort                                                                ; Auto               ; Auto               ;
; Shift Register Replacement - Allow Asynchronous Clear Signal                    ; On                 ; On                 ;
; Pre-Mapping Resynthesis Optimization                                            ; Off                ; Off                ;
; Analysis & Synthesis Message Level                                              ; Medium             ; Medium             ;
; Disable Register Merging Across Hierarchies                                     ; Auto               ; Auto               ;
; Resource Aware Inference For Block RAM                                          ; On                 ; On                 ;
; Automatic Parallel Synthesis                                                    ; On                 ; On                 ;
; Partial Reconfiguration Bitstream ID                                            ; Off                ; Off                ;
+---------------------------------------------------------------------------------+--------------------+--------------------+


+------------------------------------------+
; Parallel Compilation                     ;
+----------------------------+-------------+
; Processors                 ; Number      ;
+----------------------------+-------------+
; Number detected on machine ; 20          ;
; Maximum allowed            ; 14          ;
;                            ;             ;
; Average used               ; 1.01        ;
; Maximum used               ; 14          ;
;                            ;             ;
; Usage by Processor         ; % Time Used ;
;     Processor 1            ; 100.0%      ;
;     Processor 2            ;   0.1%      ;
;     Processor 3            ;   0.1%      ;
;     Processor 4            ;   0.1%      ;
;     Processor 5            ;   0.1%      ;
;     Processor 6            ;   0.0%      ;
;     Processor 7            ;   0.0%      ;
;     Processor 8            ;   0.0%      ;
;     Processors 9-14        ;   0.0%      ;
+----------------------------+-------------+


+----------------------------------------------------------------------------------------------------------------------------------------------------------------------------+
; Analysis & Synthesis Source Files Read                                                                                                                                     ;
+----------------------------------+-----------------+------------------------------+------------------------------------------------------------------------------+---------+
; File Name with User-Entered Path ; Used in Netlist ; File Type                    ; File Name with Absolute Path                                                 ; Library ;
+----------------------------------+-----------------+------------------------------+------------------------------------------------------------------------------+---------+
; rtl/feature_buf.sv               ; yes             ; User SystemVerilog HDL File  ; D:/SparseGuard/rtl/feature_buf.sv                                            ;         ;
; rtl/hidden_buf.sv                ; yes             ; User SystemVerilog HDL File  ; D:/SparseGuard/rtl/hidden_buf.sv                                             ;         ;
; rtl/integrity_boot.sv            ; yes             ; User SystemVerilog HDL File  ; D:/SparseGuard/rtl/integrity_boot.sv                                         ;         ;
; rtl/mac_array.sv                 ; yes             ; User SystemVerilog HDL File  ; D:/SparseGuard/rtl/mac_array.sv                                              ;         ;
; rtl/output_cmp.sv                ; yes             ; User SystemVerilog HDL File  ; D:/SparseGuard/rtl/output_cmp.sv                                             ;         ;
; rtl/reference_digest.sv          ; yes             ; User SystemVerilog HDL File  ; D:/SparseGuard/rtl/reference_digest.sv                                       ;         ;
; rtl/relu_quant.sv                ; yes             ; User SystemVerilog HDL File  ; D:/SparseGuard/rtl/relu_quant.sv                                             ;         ;
; rtl/sha256_core.sv               ; yes             ; User SystemVerilog HDL File  ; D:/SparseGuard/rtl/sha256_core.sv                                            ;         ;
; rtl/sparseguard.sv               ; yes             ; User SystemVerilog HDL File  ; D:/SparseGuard/rtl/sparseguard.sv                                            ;         ;
; rtl/spi_slave.sv                 ; yes             ; User SystemVerilog HDL File  ; D:/SparseGuard/rtl/spi_slave.sv                                              ;         ;
; rtl/sparseguard_top.sv           ; yes             ; User SystemVerilog HDL File  ; D:/SparseGuard/rtl/sparseguard_top.sv                                        ;         ;
; rtl/vpu_decoder.sv               ; yes             ; User SystemVerilog HDL File  ; D:/SparseGuard/rtl/vpu_decoder.sv                                            ;         ;
; rtl/vpu_ram.sv                   ; yes             ; User SystemVerilog HDL File  ; D:/SparseGuard/rtl/vpu_ram.sv                                                ;         ;
; altsyncram.tdf                   ; yes             ; Megafunction                 ; c:/altera_lite/25.1std/quartus/libraries/megafunctions/altsyncram.tdf        ;         ;
; stratix_ram_block.inc            ; yes             ; Megafunction                 ; c:/altera_lite/25.1std/quartus/libraries/megafunctions/stratix_ram_block.inc ;         ;
; lpm_mux.inc                      ; yes             ; Megafunction                 ; c:/altera_lite/25.1std/quartus/libraries/megafunctions/lpm_mux.inc           ;         ;
; lpm_decode.inc                   ; yes             ; Megafunction                 ; c:/altera_lite/25.1std/quartus/libraries/megafunctions/lpm_decode.inc        ;         ;
; aglobal251.inc                   ; yes             ; Megafunction                 ; c:/altera_lite/25.1std/quartus/libraries/megafunctions/aglobal251.inc        ;         ;
; a_rdenreg.inc                    ; yes             ; Megafunction                 ; c:/altera_lite/25.1std/quartus/libraries/megafunctions/a_rdenreg.inc         ;         ;
; altrom.inc                       ; yes             ; Megafunction                 ; c:/altera_lite/25.1std/quartus/libraries/megafunctions/altrom.inc            ;         ;
; altram.inc                       ; yes             ; Megafunction                 ; c:/altera_lite/25.1std/quartus/libraries/megafunctions/altram.inc            ;         ;
; altdpram.inc                     ; yes             ; Megafunction                 ; c:/altera_lite/25.1std/quartus/libraries/megafunctions/altdpram.inc          ;         ;
; db/altsyncram_g3q1.tdf           ; yes             ; Auto-Generated Megafunction  ; D:/SparseGuard/db/altsyncram_g3q1.tdf                                        ;         ;
+----------------------------------+-----------------+------------------------------+------------------------------------------------------------------------------+---------+


+---------------------------------------------------------+
; Analysis & Synthesis Resource Usage Summary             ;
+---------------------------------------------+-----------+
; Resource                                    ; Usage     ;
+---------------------------------------------+-----------+
; Estimate of Logic utilization (ALMs needed) ; 2106      ;
;                                             ;           ;
; Combinational ALUT usage for logic          ; 2802      ;
;     -- 7 input functions                    ; 4         ;
;     -- 6 input functions                    ; 863       ;
;     -- 5 input functions                    ; 297       ;
;     -- 4 input functions                    ; 194       ;
;     -- <=3 input functions                  ; 1444      ;
;                                             ;           ;
; Dedicated logic registers                   ; 2769      ;
;                                             ;           ;
; I/O pins                                    ; 10        ;
; Total MLAB memory bits                      ; 0         ;
; Total block memory bits                     ; 8192      ;
;                                             ;           ;
; Total DSP Blocks                            ; 7         ;
;                                             ;           ;
; Maximum fan-out node                        ; clk~input ;
; Maximum fan-out                             ; 2801      ;
; Total fan-out                               ; 22608     ;
; Average fan-out                             ; 4.02      ;
+---------------------------------------------+-----------+


+----------------------------------------------------------------------------------------------------------------------------------------------------------------------------------------------------------------------------------------------------------------------------------------------+
; Analysis & Synthesis Resource Utilization by Entity                                                                                                                                                                                                                                          ;
+----------------------------------------------+---------------------+---------------------------+-------------------+------------+------+--------------+-----------------------------------------------------------------------------------------------------+-----------------+--------------+
; Compilation Hierarchy Node                   ; Combinational ALUTs ; Dedicated Logic Registers ; Block Memory Bits ; DSP Blocks ; Pins ; Virtual Pins ; Full Hierarchy Name                                                                                 ; Entity Name     ; Library Name ;
+----------------------------------------------+---------------------+---------------------------+-------------------+------------+------+--------------+-----------------------------------------------------------------------------------------------------+-----------------+--------------+
; |sparseguard_top                             ; 2802 (1)            ; 2769 (0)                  ; 8192              ; 7          ; 10   ; 0            ; |sparseguard_top                                                                                    ; sparseguard_top ; work         ;
;    |sparseguard:u_core|                      ; 2783 (165)          ; 2734 (75)                 ; 8192              ; 7          ; 0    ; 0            ; |sparseguard_top|sparseguard:u_core                                                                 ; sparseguard     ; work         ;
;       |feature_buf:fbuf|                     ; 16 (16)             ; 128 (128)                 ; 0                 ; 0          ; 0    ; 0            ; |sparseguard_top|sparseguard:u_core|feature_buf:fbuf                                                ; feature_buf     ; work         ;
;       |hidden_buf:hbuf|                      ; 16 (16)             ; 128 (128)                 ; 0                 ; 0          ; 0    ; 0            ; |sparseguard_top|sparseguard:u_core|hidden_buf:hbuf                                                 ; hidden_buf      ; work         ;
;       |integrity_boot:boot_chk|              ; 67 (67)             ; 2 (2)                     ; 0                 ; 0          ; 0    ; 0            ; |sparseguard_top|sparseguard:u_core|integrity_boot:boot_chk                                         ; integrity_boot  ; work         ;
;       |mac_array:mac|                        ; 165 (165)           ; 32 (32)                   ; 0                 ; 4          ; 0    ; 0            ; |sparseguard_top|sparseguard:u_core|mac_array:mac                                                   ; mac_array       ; work         ;
;       |output_cmp:ocmp|                      ; 23 (23)             ; 0 (0)                     ; 0                 ; 0          ; 0    ; 0            ; |sparseguard_top|sparseguard:u_core|output_cmp:ocmp                                                 ; output_cmp      ; work         ;
;       |relu_quant:rq|                        ; 400 (400)           ; 0 (0)                     ; 0                 ; 3          ; 0    ; 0            ; |sparseguard_top|sparseguard:u_core|relu_quant:rq                                                   ; relu_quant      ; work         ;
;       |sha256_core:hash_core|                ; 1654 (1654)         ; 1686 (1686)               ; 0                 ; 0          ; 0    ; 0            ; |sparseguard_top|sparseguard:u_core|sha256_core:hash_core                                           ; sha256_core     ; work         ;
;       |vpu_decoder:decoder|                  ; 277 (277)           ; 683 (683)                 ; 0                 ; 0          ; 0    ; 0            ; |sparseguard_top|sparseguard:u_core|vpu_decoder:decoder                                             ; vpu_decoder     ; work         ;
;       |vpu_ram:ram|                          ; 0 (0)               ; 0 (0)                     ; 8192              ; 0          ; 0    ; 0            ; |sparseguard_top|sparseguard:u_core|vpu_ram:ram                                                     ; vpu_ram         ; work         ;
;          |altsyncram:mem_rtl_0|              ; 0 (0)               ; 0 (0)                     ; 8192              ; 0          ; 0    ; 0            ; |sparseguard_top|sparseguard:u_core|vpu_ram:ram|altsyncram:mem_rtl_0                                ; altsyncram      ; work         ;
;             |altsyncram_g3q1:auto_generated| ; 0 (0)               ; 0 (0)                     ; 8192              ; 0          ; 0    ; 0            ; |sparseguard_top|sparseguard:u_core|vpu_ram:ram|altsyncram:mem_rtl_0|altsyncram_g3q1:auto_generated ; altsyncram_g3q1 ; work         ;
;    |spi_slave:u_spi|                         ; 18 (18)             ; 35 (35)                   ; 0                 ; 0          ; 0    ; 0            ; |sparseguard_top|spi_slave:u_spi                                                                    ; spi_slave       ; work         ;
+----------------------------------------------+---------------------+---------------------------+-------------------+------------+------+--------------+-----------------------------------------------------------------------------------------------------+-----------------+--------------+
Note: For table entries with two numbers listed, the numbers in parentheses indicate the number of resources of the given type used by the specific entity alone. The numbers listed outside of parentheses indicate the total resources of the given type used by the specific entity and all of its sub-entities in the hierarchy.


+---------------------------------------------------------------------------------------------------------------------------------------------------------------------------------------------------+
; Analysis & Synthesis RAM Summary                                                                                                                                                                  ;
+-----------------------------------------------------------------------------------------------+------+------------------+--------------+--------------+--------------+--------------+------+------+
; Name                                                                                          ; Type ; Mode             ; Port A Depth ; Port A Width ; Port B Depth ; Port B Width ; Size ; MIF  ;
+-----------------------------------------------------------------------------------------------+------+------------------+--------------+--------------+--------------+--------------+------+------+
; sparseguard:u_core|vpu_ram:ram|altsyncram:mem_rtl_0|altsyncram_g3q1:auto_generated|ALTSYNCRAM ; AUTO ; Simple Dual Port ; 256          ; 32           ; 256          ; 32           ; 8192 ; None ;
+-----------------------------------------------------------------------------------------------+------+------------------+--------------+--------------+--------------+--------------+------+------+


+-------------------------------------------------+
; Analysis & Synthesis DSP Block Usage Summary    ;
+-----------------------------------+-------------+
; Statistic                         ; Number Used ;
+-----------------------------------+-------------+
; Independent 9x9                   ; 4           ;
; Two Independent 18x18             ; 2           ;
; Sum of two 18x18                  ; 1           ;
; Total number of DSP blocks        ; 7           ;
;                                   ;             ;
; Fixed Point Signed Multiplier     ; 5           ;
; Fixed Point Unsigned Multiplier   ; 1           ;
; Fixed Point Mixed Sign Multiplier ; 2           ;
+-----------------------------------+-------------+


Encoding Type:  One-Hot
+-------------------------------------------------------------------------------------------------------------+
; State Machine - |sparseguard_top|sparseguard:u_core|state                                                   ;
+--------------------+----------------+--------------------+-----------------+---------------+----------------+
; Name               ; state.ST_INFER ; state.ST_WAIT_FEAT ; state.ST_VERIFY ; state.ST_BOOT ; state.ST_ERROR ;
+--------------------+----------------+--------------------+-----------------+---------------+----------------+
; state.ST_BOOT      ; 0              ; 0                  ; 0               ; 0             ; 0              ;
; state.ST_VERIFY    ; 0              ; 0                  ; 1               ; 1             ; 0              ;
; state.ST_WAIT_FEAT ; 0              ; 1                  ; 0               ; 1             ; 0              ;
; state.ST_INFER     ; 1              ; 0                  ; 0               ; 1             ; 0              ;
; state.ST_ERROR     ; 0              ; 0                  ; 0               ; 1             ; 1              ;
+--------------------+----------------+--------------------+-----------------+---------------+----------------+


Encoding Type:  One-Hot
+------------------------------------------------------------------------------------------------------------------------------+
; State Machine - |sparseguard_top|sparseguard:u_core|sha256_core:hash_core|state                                              ;
+---------------------+---------------+-------------------+--------------+---------------+---------------+---------------------+
; Name                ; state.ST_DONE ; state.ST_COMPRESS ; state.ST_PAD ; state.ST_RECV ; state.ST_IDLE ; state.ST_INJECT_SEC ;
+---------------------+---------------+-------------------+--------------+---------------+---------------+---------------------+
; state.ST_INJECT_SEC ; 0             ; 0                 ; 0            ; 0             ; 0             ; 0                   ;
; state.ST_IDLE       ; 0             ; 0                 ; 0            ; 0             ; 1             ; 1                   ;
; state.ST_RECV       ; 0             ; 0                 ; 0            ; 1             ; 0             ; 1                   ;
; state.ST_PAD        ; 0             ; 0                 ; 1            ; 0             ; 0             ; 1                   ;
; state.ST_COMPRESS   ; 0             ; 1                 ; 0            ; 0             ; 0             ; 1                   ;
; state.ST_DONE       ; 1             ; 0                 ; 0            ; 0             ; 0             ; 1                   ;
+---------------------+---------------+-------------------+--------------+---------------+---------------+---------------------+


Encoding Type:  One-Hot
+-----------------------------------------------------------------------------------------------------------------------------------------------------------------------------------------------------------------------------------------------------------------------------------------------------+
; State Machine - |sparseguard_top|sparseguard:u_core|vpu_decoder:decoder|state                                                                                                                                                                                                                       ;
+--------------------------+---------------+----------------+------------------------+------------------------+--------------------------+--------------------------+-------------------------+-------------------------+-----------------+---------------------+---------------------+---------------+
; Name                     ; state.ST_DONE ; state.ST_ERROR ; state.ST_MAC_EXEC_DATA ; state.ST_MAC_EXEC_ADDR ; state.ST_LOAD_PARAM_DATA ; state.ST_LOAD_PARAM_ADDR ; state.ST_LOAD_BIAS_DATA ; state.ST_LOAD_BIAS_ADDR ; state.ST_DECODE ; state.ST_FETCH_DATA ; state.ST_FETCH_ADDR ; state.ST_IDLE ;
+--------------------------+---------------+----------------+------------------------+------------------------+--------------------------+--------------------------+-------------------------+-------------------------+-----------------+---------------------+---------------------+---------------+
; state.ST_IDLE            ; 0             ; 0              ; 0                      ; 0                      ; 0                        ; 0                        ; 0                       ; 0                       ; 0               ; 0                   ; 0                   ; 0             ;
; state.ST_FETCH_ADDR      ; 0             ; 0              ; 0                      ; 0                      ; 0                        ; 0                        ; 0                       ; 0                       ; 0               ; 0                   ; 1                   ; 1             ;
; state.ST_FETCH_DATA      ; 0             ; 0              ; 0                      ; 0                      ; 0                        ; 0                        ; 0                       ; 0                       ; 0               ; 1                   ; 0                   ; 1             ;
; state.ST_DECODE          ; 0             ; 0              ; 0                      ; 0                      ; 0                        ; 0                        ; 0                       ; 0                       ; 1               ; 0                   ; 0                   ; 1             ;
; state.ST_LOAD_BIAS_ADDR  ; 0             ; 0              ; 0                      ; 0                      ; 0                        ; 0                        ; 0                       ; 1                       ; 0               ; 0                   ; 0                   ; 1             ;
; state.ST_LOAD_BIAS_DATA  ; 0             ; 0              ; 0                      ; 0                      ; 0                        ; 0                        ; 1                       ; 0                       ; 0               ; 0                   ; 0                   ; 1             ;
; state.ST_LOAD_PARAM_ADDR ; 0             ; 0              ; 0                      ; 0                      ; 0                        ; 1                        ; 0                       ; 0                       ; 0               ; 0                   ; 0                   ; 1             ;
; state.ST_LOAD_PARAM_DATA ; 0             ; 0              ; 0                      ; 0                      ; 1                        ; 0                        ; 0                       ; 0                       ; 0               ; 0                   ; 0                   ; 1             ;
; state.ST_MAC_EXEC_ADDR   ; 0             ; 0              ; 0                      ; 1                      ; 0                        ; 0                        ; 0                       ; 0                       ; 0               ; 0                   ; 0                   ; 1             ;
; state.ST_MAC_EXEC_DATA   ; 0             ; 0              ; 1                      ; 0                      ; 0                        ; 0                        ; 0                       ; 0                       ; 0               ; 0                   ; 0                   ; 1             ;
; state.ST_ERROR           ; 0             ; 1              ; 0                      ; 0                      ; 0                        ; 0                        ; 0                       ; 0                       ; 0               ; 0                   ; 0                   ; 1             ;
; state.ST_DONE            ; 1             ; 0              ; 0                      ; 0                      ; 0                        ; 0                        ; 0                       ; 0                       ; 0               ; 0                   ; 0                   ; 1             ;
+--------------------------+---------------+----------------+------------------------+------------------------+--------------------------+--------------------------+-------------------------+-------------------------+-----------------+---------------------+---------------------+---------------+


+-------------------------------------------------------------------------------------------------------+
; Registers Removed During Synthesis                                                                    ;
+--------------------------------------------------------------+----------------------------------------+
; Register name                                                ; Reason for Removal                     ;
+--------------------------------------------------------------+----------------------------------------+
; sparseguard:u_core|sha256_core:hash_core|pad_len_shift[0..2] ; Stuck at GND due to stuck port data_in ;
; sparseguard:u_core|state~4                                   ; Lost fanout                            ;
; sparseguard:u_core|state~5                                   ; Lost fanout                            ;
; sparseguard:u_core|sha256_core:hash_core|state~10            ; Lost fanout                            ;
; sparseguard:u_core|sha256_core:hash_core|state~11            ; Lost fanout                            ;
; sparseguard:u_core|sha256_core:hash_core|state~12            ; Lost fanout                            ;
; sparseguard:u_core|sha256_core:hash_core|state~13            ; Lost fanout                            ;
; sparseguard:u_core|vpu_decoder:decoder|state~4               ; Lost fanout                            ;
; sparseguard:u_core|vpu_decoder:decoder|state~5               ; Lost fanout                            ;
; sparseguard:u_core|vpu_decoder:decoder|state~6               ; Lost fanout                            ;
; sparseguard:u_core|vpu_decoder:decoder|state~7               ; Lost fanout                            ;
; sparseguard:u_core|state.ST_ERROR                            ; Lost fanout                            ;
; sparseguard:u_core|vpu_decoder:decoder|f_idx[2,3]            ; Lost fanout                            ;
; Total Number of Removed Registers = 16                       ;                                        ;
+--------------------------------------------------------------+----------------------------------------+


+------------------------------------------------------------------------------------------------------------------------+
; Removed Registers Triggering Further Register Optimizations                                                            ;
+-------------------------------------------------+--------------------+-------------------------------------------------+
; Register name                                   ; Reason for Removal ; Registers Removed due to This Register          ;
+-------------------------------------------------+--------------------+-------------------------------------------------+
; sparseguard:u_core|vpu_decoder:decoder|f_idx[3] ; Lost Fanouts       ; sparseguard:u_core|vpu_decoder:decoder|f_idx[2] ;
+-------------------------------------------------+--------------------+-------------------------------------------------+


+------------------------------------------------------+
; General Register Statistics                          ;
+----------------------------------------------+-------+
; Statistic                                    ; Value ;
+----------------------------------------------+-------+
; Total registers                              ; 2769  ;
; Number of registers using Synchronous Clear  ; 416   ;
; Number of registers using Synchronous Load   ; 311   ;
; Number of registers using Asynchronous Clear ; 1329  ;
; Number of registers using Asynchronous Load  ; 0     ;
; Number of registers using Clock Enable       ; 2627  ;
; Number of registers using Preset             ; 0     ;
+----------------------------------------------+-------+


+-------------------------------------------------------------+
; Inverted Register Statistics                                ;
+---------------------------------------------------+---------+
; Inverted Register                                 ; Fan out ;
+---------------------------------------------------+---------+
; spi_slave:u_spi|cs_n_sync[2]                      ; 8       ;
; spi_slave:u_spi|cs_n_sync[1]                      ; 9       ;
; spi_slave:u_spi|cs_n_sync[0]                      ; 1       ;
; sparseguard:u_core|sha256_core:hash_core|H[7][8]  ; 3       ;
; sparseguard:u_core|sha256_core:hash_core|H[7][14] ; 3       ;
; sparseguard:u_core|sha256_core:hash_core|H[7][10] ; 3       ;
; sparseguard:u_core|sha256_core:hash_core|H[7][4]  ; 3       ;
; sparseguard:u_core|sha256_core:hash_core|H[6][12] ; 3       ;
; sparseguard:u_core|sha256_core:hash_core|H[3][12] ; 3       ;
; sparseguard:u_core|sha256_core:hash_core|H[3][10] ; 3       ;
; sparseguard:u_core|sha256_core:hash_core|H[3][8]  ; 3       ;
; sparseguard:u_core|sha256_core:hash_core|H[3][4]  ; 3       ;
; sparseguard:u_core|sha256_core:hash_core|H[3][1]  ; 3       ;
; sparseguard:u_core|sha256_core:hash_core|H[6][16] ; 3       ;
; sparseguard:u_core|sha256_core:hash_core|H[6][14] ; 3       ;
; sparseguard:u_core|sha256_core:hash_core|H[3][14] ; 3       ;
; sparseguard:u_core|sha256_core:hash_core|H[1][10] ; 3       ;
; sparseguard:u_core|sha256_core:hash_core|H[1][2]  ; 3       ;
; sparseguard:u_core|sha256_core:hash_core|H[3][24] ; 3       ;
; sparseguard:u_core|sha256_core:hash_core|H[3][22] ; 3       ;
; sparseguard:u_core|sha256_core:hash_core|H[3][18] ; 3       ;
; sparseguard:u_core|sha256_core:hash_core|H[3][16] ; 3       ;
; sparseguard:u_core|sha256_core:hash_core|H[0][1]  ; 3       ;
; sparseguard:u_core|sha256_core:hash_core|H[0][29] ; 3       ;
; sparseguard:u_core|sha256_core:hash_core|H[0][25] ; 3       ;
; sparseguard:u_core|sha256_core:hash_core|H[0][6]  ; 3       ;
; sparseguard:u_core|sha256_core:hash_core|H[0][2]  ; 3       ;
; sparseguard:u_core|sha256_core:hash_core|H[6][0]  ; 3       ;
; sparseguard:u_core|sha256_core:hash_core|H[7][22] ; 3       ;
; sparseguard:u_core|sha256_core:hash_core|H[6][8]  ; 3       ;
; sparseguard:u_core|sha256_core:hash_core|H[7][30] ; 3       ;
; sparseguard:u_core|sha256_core:hash_core|H[7][28] ; 3       ;
; sparseguard:u_core|sha256_core:hash_core|H[7][24] ; 3       ;
; sparseguard:u_core|sha256_core:hash_core|H[2][22] ; 3       ;
; sparseguard:u_core|sha256_core:hash_core|H[1][0]  ; 3       ;
; sparseguard:u_core|sha256_core:hash_core|H[2][28] ; 3       ;
; sparseguard:u_core|sha256_core:hash_core|H[2][26] ; 3       ;
; sparseguard:u_core|sha256_core:hash_core|H[2][18] ; 3       ;
; sparseguard:u_core|sha256_core:hash_core|H[2][14] ; 3       ;
; sparseguard:u_core|sha256_core:hash_core|H[2][12] ; 3       ;
; sparseguard:u_core|sha256_core:hash_core|H[1][28] ; 3       ;
; sparseguard:u_core|sha256_core:hash_core|H[1][24] ; 3       ;
; sparseguard:u_core|sha256_core:hash_core|H[1][22] ; 3       ;
; sparseguard:u_core|sha256_core:hash_core|H[1][18] ; 3       ;
; sparseguard:u_core|sha256_core:hash_core|H[1][16] ; 3       ;
; sparseguard:u_core|sha256_core:hash_core|H[1][11] ; 3       ;
; sparseguard:u_core|sha256_core:hash_core|H[1][7]  ; 3       ;
; sparseguard:u_core|sha256_core:hash_core|H[0][16] ; 3       ;
; sparseguard:u_core|sha256_core:hash_core|H[0][0]  ; 3       ;
; sparseguard:u_core|sha256_core:hash_core|H[0][30] ; 3       ;
; sparseguard:u_core|sha256_core:hash_core|H[0][19] ; 3       ;
; sparseguard:u_core|sha256_core:hash_core|H[0][14] ; 3       ;
; sparseguard:u_core|sha256_core:hash_core|H[0][10] ; 3       ;
; sparseguard:u_core|sha256_core:hash_core|H[5][18] ; 3       ;
; sparseguard:u_core|sha256_core:hash_core|H[4][6]  ; 3       ;
; sparseguard:u_core|sha256_core:hash_core|H[4][4]  ; 3       ;
; sparseguard:u_core|sha256_core:hash_core|H[4][2]  ; 3       ;
; sparseguard:u_core|sha256_core:hash_core|H[4][0]  ; 3       ;
; sparseguard:u_core|sha256_core:hash_core|H[5][28] ; 3       ;
; sparseguard:u_core|sha256_core:hash_core|H[5][24] ; 3       ;
; sparseguard:u_core|sha256_core:hash_core|H[3][3]  ; 3       ;
; sparseguard:u_core|sha256_core:hash_core|H[4][30] ; 3       ;
; sparseguard:u_core|sha256_core:hash_core|H[4][28] ; 3       ;
; sparseguard:u_core|sha256_core:hash_core|H[4][24] ; 3       ;
; sparseguard:u_core|sha256_core:hash_core|H[4][18] ; 3       ;
; sparseguard:u_core|sha256_core:hash_core|H[4][14] ; 3       ;
; sparseguard:u_core|sha256_core:hash_core|H[4][12] ; 3       ;
; sparseguard:u_core|sha256_core:hash_core|H[2][8]  ; 3       ;
; sparseguard:u_core|sha256_core:hash_core|H[2][6]  ; 3       ;
; sparseguard:u_core|sha256_core:hash_core|H[2][4]  ; 3       ;
; sparseguard:u_core|sha256_core:hash_core|H[3][26] ; 3       ;
; sparseguard:u_core|sha256_core:hash_core|H[3][19] ; 3       ;
; sparseguard:u_core|sha256_core:hash_core|H[3][15] ; 3       ;
; sparseguard:u_core|sha256_core:hash_core|H[7][3]  ; 3       ;
; sparseguard:u_core|sha256_core:hash_core|H[7][0]  ; 3       ;
; sparseguard:u_core|sha256_core:hash_core|H[6][3]  ; 3       ;
; sparseguard:u_core|sha256_core:hash_core|H[7][11] ; 3       ;
; sparseguard:u_core|sha256_core:hash_core|H[6][24] ; 3       ;
; sparseguard:u_core|sha256_core:hash_core|H[6][11] ; 3       ;
; sparseguard:u_core|sha256_core:hash_core|H[6][7]  ; 3       ;
; sparseguard:u_core|sha256_core:hash_core|H[7][27] ; 3       ;
; sparseguard:u_core|sha256_core:hash_core|H[7][23] ; 3       ;
; sparseguard:u_core|sha256_core:hash_core|H[7][15] ; 3       ;
; sparseguard:u_core|sha256_core:hash_core|H[6][28] ; 3       ;
; sparseguard:u_core|sha256_core:hash_core|H[6][26] ; 3       ;
; sparseguard:u_core|sha256_core:hash_core|H[5][16] ; 3       ;
; sparseguard:u_core|sha256_core:hash_core|H[5][14] ; 3       ;
; sparseguard:u_core|sha256_core:hash_core|H[5][2]  ; 3       ;
; sparseguard:u_core|sha256_core:hash_core|H[2][15] ; 3       ;
; sparseguard:u_core|sha256_core:hash_core|H[2][21] ; 3       ;
; sparseguard:u_core|sha256_core:hash_core|H[2][19] ; 3       ;
; sparseguard:u_core|sha256_core:hash_core|H[2][17] ; 3       ;
; sparseguard:u_core|sha256_core:hash_core|H[2][13] ; 3       ;
; sparseguard:u_core|sha256_core:hash_core|H[2][9]  ; 3       ;
; sparseguard:u_core|sha256_core:hash_core|H[2][5]  ; 3       ;
; sparseguard:u_core|sha256_core:hash_core|H[1][15] ; 3       ;
; sparseguard:u_core|sha256_core:hash_core|H[2][27] ; 3       ;
; sparseguard:u_core|sha256_core:hash_core|H[1][25] ; 3       ;
; sparseguard:u_core|sha256_core:hash_core|H[1][21] ; 3       ;
; sparseguard:u_core|sha256_core:hash_core|H[1][17] ; 3       ;
; Total number of inverted registers = 139*         ;         ;
+---------------------------------------------------+---------+
* Table truncated at 100 items. To change the number of inverted registers reported, set the "Number of Inverted Registers Reported" option under Assignments->Settings->Analysis and Synthesis Settings->More Settings


+-----------------------------------------------------------------------------------------------+
; Registers Packed Into Inferred Megafunctions                                                  ;
+---------------------------------------------+------------------------------------------+------+
; Register Name                               ; Megafunction                             ; Type ;
+---------------------------------------------+------------------------------------------+------+
; sparseguard:u_core|vpu_ram:ram|rdata[0..31] ; sparseguard:u_core|vpu_ram:ram|mem_rtl_0 ; RAM  ;
+---------------------------------------------+------------------------------------------+------+


+------------------------------------------------------------------------------------------------------------------------------------------------------------------------------------------+
; Multiplexer Restructuring Statistics (Restructuring Performed)                                                                                                                           ;
+--------------------+-----------+---------------+----------------------+------------------------+------------+----------------------------------------------------------------------------+
; Multiplexer Inputs ; Bus Width ; Baseline Area ; Area if Restructured ; Saving if Restructured ; Registered ; Example Multiplexer Output                                                 ;
+--------------------+-----------+---------------+----------------------+------------------------+------------+----------------------------------------------------------------------------+
; 3:1                ; 3 bits    ; 6 LEs         ; 3 LEs                ; 3 LEs                  ; Yes        ; |sparseguard_top|spi_slave:u_spi|bit_cnt[1]                                ;
; 3:1                ; 256 bits  ; 512 LEs       ; 0 LEs                ; 512 LEs                ; Yes        ; |sparseguard_top|sparseguard:u_core|sha256_core:hash_core|C_reg[18]        ;
; 4:1                ; 3 bits    ; 6 LEs         ; 3 LEs                ; 3 LEs                  ; Yes        ; |sparseguard_top|spi_slave:u_spi|tx_shift[3]                               ;
; 4:1                ; 3 bits    ; 6 LEs         ; 6 LEs                ; 0 LEs                  ; Yes        ; |sparseguard_top|spi_slave:u_spi|tx_shift[4]                               ;
; 4:1                ; 61 bits   ; 122 LEs       ; 0 LEs                ; 122 LEs                ; Yes        ; |sparseguard_top|sparseguard:u_core|sha256_core:hash_core|total_bits[42]   ;
; 6:1                ; 8 bits    ; 32 LEs        ; 0 LEs                ; 32 LEs                 ; Yes        ; |sparseguard_top|sparseguard:u_core|vpu_decoder:decoder|pc_reg[5]          ;
; 6:1                ; 8 bits    ; 32 LEs        ; 0 LEs                ; 32 LEs                 ; Yes        ; |sparseguard_top|sparseguard:u_core|vpu_decoder:decoder|loop_cnt[3]        ;
; 6:1                ; 8 bits    ; 32 LEs        ; 0 LEs                ; 32 LEs                 ; Yes        ; |sparseguard_top|sparseguard:u_core|vpu_decoder:decoder|param_idx[7]       ;
; 7:1                ; 3 bits    ; 12 LEs        ; 6 LEs                ; 6 LEs                  ; Yes        ; |sparseguard_top|sparseguard:u_core|sha256_core:hash_core|block_buf[63][2] ;
; 7:1                ; 6 bits    ; 24 LEs        ; 6 LEs                ; 18 LEs                 ; Yes        ; |sparseguard_top|sparseguard:u_core|sha256_core:hash_core|byte_cnt[1]      ;
; 9:1                ; 7 bits    ; 42 LEs        ; 14 LEs               ; 28 LEs                 ; Yes        ; |sparseguard_top|sparseguard:u_core|sha256_core:hash_core|block_buf[62][0] ;
; 9:1                ; 7 bits    ; 42 LEs        ; 14 LEs               ; 28 LEs                 ; Yes        ; |sparseguard_top|sparseguard:u_core|sha256_core:hash_core|block_buf[61][3] ;
; 9:1                ; 7 bits    ; 42 LEs        ; 14 LEs               ; 28 LEs                 ; Yes        ; |sparseguard_top|sparseguard:u_core|sha256_core:hash_core|block_buf[60][3] ;
; 9:1                ; 7 bits    ; 42 LEs        ; 14 LEs               ; 28 LEs                 ; Yes        ; |sparseguard_top|sparseguard:u_core|sha256_core:hash_core|block_buf[59][0] ;
; 9:1                ; 7 bits    ; 42 LEs        ; 14 LEs               ; 28 LEs                 ; Yes        ; |sparseguard_top|sparseguard:u_core|sha256_core:hash_core|block_buf[58][5] ;
; 9:1                ; 7 bits    ; 42 LEs        ; 14 LEs               ; 28 LEs                 ; Yes        ; |sparseguard_top|sparseguard:u_core|sha256_core:hash_core|block_buf[57][1] ;
; 9:1                ; 7 bits    ; 42 LEs        ; 14 LEs               ; 28 LEs                 ; Yes        ; |sparseguard_top|sparseguard:u_core|sha256_core:hash_core|block_buf[56][5] ;
; 8:1                ; 7 bits    ; 35 LEs        ; 14 LEs               ; 21 LEs                 ; Yes        ; |sparseguard_top|sparseguard:u_core|sha256_core:hash_core|block_buf[55][4] ;
; 8:1                ; 7 bits    ; 35 LEs        ; 14 LEs               ; 21 LEs                 ; Yes        ; |sparseguard_top|sparseguard:u_core|sha256_core:hash_core|block_buf[54][6] ;
; 8:1                ; 7 bits    ; 35 LEs        ; 14 LEs               ; 21 LEs                 ; Yes        ; |sparseguard_top|sparseguard:u_core|sha256_core:hash_core|block_buf[53][3] ;
; 8:1                ; 7 bits    ; 35 LEs        ; 14 LEs               ; 21 LEs                 ; Yes        ; |sparseguard_top|sparseguard:u_core|sha256_core:hash_core|block_buf[52][0] ;
; 8:1                ; 7 bits    ; 35 LEs        ; 14 LEs               ; 21 LEs                 ; Yes        ; |sparseguard_top|sparseguard:u_core|sha256_core:hash_core|block_buf[51][5] ;
; 8:1                ; 7 bits    ; 35 LEs        ; 14 LEs               ; 21 LEs                 ; Yes        ; |sparseguard_top|sparseguard:u_core|sha256_core:hash_core|block_buf[50][4] ;
; 8:1                ; 7 bits    ; 35 LEs        ; 14 LEs               ; 21 LEs                 ; Yes        ; |sparseguard_top|sparseguard:u_core|sha256_core:hash_core|block_buf[49][3] ;
; 8:1                ; 7 bits    ; 35 LEs        ; 14 LEs               ; 21 LEs                 ; Yes        ; |sparseguard_top|sparseguard:u_core|sha256_core:hash_core|block_buf[48][4] ;
; 8:1                ; 7 bits    ; 35 LEs        ; 14 LEs               ; 21 LEs                 ; Yes        ; |sparseguard_top|sparseguard:u_core|sha256_core:hash_core|block_buf[47][5] ;
; 8:1                ; 7 bits    ; 35 LEs        ; 14 LEs               ; 21 LEs                 ; Yes        ; |sparseguard_top|sparseguard:u_core|sha256_core:hash_core|block_buf[46][4] ;
; 8:1                ; 7 bits    ; 35 LEs        ; 14 LEs               ; 21 LEs                 ; Yes        ; |sparseguard_top|sparseguard:u_core|sha256_core:hash_core|block_buf[45][6] ;
; 8:1                ; 7 bits    ; 35 LEs        ; 14 LEs               ; 21 LEs                 ; Yes        ; |sparseguard_top|sparseguard:u_core|sha256_core:hash_core|block_buf[44][2] ;
; 8:1                ; 7 bits    ; 35 LEs        ; 14 LEs               ; 21 LEs                 ; Yes        ; |sparseguard_top|sparseguard:u_core|sha256_core:hash_core|block_buf[43][0] ;
; 8:1                ; 7 bits    ; 35 LEs        ; 14 LEs               ; 21 LEs                 ; Yes        ; |sparseguard_top|sparseguard:u_core|sha256_core:hash_core|block_buf[42][6] ;
; 8:1                ; 7 bits    ; 35 LEs        ; 14 LEs               ; 21 LEs                 ; Yes        ; |sparseguard_top|sparseguard:u_core|sha256_core:hash_core|block_buf[41][0] ;
; 8:1                ; 7 bits    ; 35 LEs        ; 14 LEs               ; 21 LEs                 ; Yes        ; |sparseguard_top|sparseguard:u_core|sha256_core:hash_core|block_buf[40][3] ;
; 8:1                ; 7 bits    ; 35 LEs        ; 14 LEs               ; 21 LEs                 ; Yes        ; |sparseguard_top|sparseguard:u_core|sha256_core:hash_core|block_buf[39][6] ;
; 8:1                ; 7 bits    ; 35 LEs        ; 14 LEs               ; 21 LEs                 ; Yes        ; |sparseguard_top|sparseguard:u_core|sha256_core:hash_core|block_buf[38][1] ;
; 8:1                ; 7 bits    ; 35 LEs        ; 14 LEs               ; 21 LEs                 ; Yes        ; |sparseguard_top|sparseguard:u_core|sha256_core:hash_core|block_buf[37][1] ;
; 8:1                ; 7 bits    ; 35 LEs        ; 14 LEs               ; 21 LEs                 ; Yes        ; |sparseguard_top|sparseguard:u_core|sha256_core:hash_core|block_buf[36][6] ;
; 8:1                ; 7 bits    ; 35 LEs        ; 14 LEs               ; 21 LEs                 ; Yes        ; |sparseguard_top|sparseguard:u_core|sha256_core:hash_core|block_buf[35][6] ;
; 8:1                ; 7 bits    ; 35 LEs        ; 14 LEs               ; 21 LEs                 ; Yes        ; |sparseguard_top|sparseguard:u_core|sha256_core:hash_core|block_buf[34][2] ;
; 8:1                ; 7 bits    ; 35 LEs        ; 14 LEs               ; 21 LEs                 ; Yes        ; |sparseguard_top|sparseguard:u_core|sha256_core:hash_core|block_buf[33][0] ;
; 8:1                ; 7 bits    ; 35 LEs        ; 14 LEs               ; 21 LEs                 ; Yes        ; |sparseguard_top|sparseguard:u_core|sha256_core:hash_core|block_buf[32][0] ;
; 8:1                ; 7 bits    ; 35 LEs        ; 14 LEs               ; 21 LEs                 ; Yes        ; |sparseguard_top|sparseguard:u_core|sha256_core:hash_core|block_buf[31][1] ;
; 8:1                ; 7 bits    ; 35 LEs        ; 14 LEs               ; 21 LEs                 ; Yes        ; |sparseguard_top|sparseguard:u_core|sha256_core:hash_core|block_buf[30][5] ;
; 8:1                ; 7 bits    ; 35 LEs        ; 14 LEs               ; 21 LEs                 ; Yes        ; |sparseguard_top|sparseguard:u_core|sha256_core:hash_core|block_buf[29][4] ;
; 8:1                ; 7 bits    ; 35 LEs        ; 14 LEs               ; 21 LEs                 ; Yes        ; |sparseguard_top|sparseguard:u_core|sha256_core:hash_core|block_buf[28][0] ;
; 8:1                ; 7 bits    ; 35 LEs        ; 14 LEs               ; 21 LEs                 ; Yes        ; |sparseguard_top|sparseguard:u_core|sha256_core:hash_core|block_buf[27][2] ;
; 8:1                ; 7 bits    ; 35 LEs        ; 14 LEs               ; 21 LEs                 ; Yes        ; |sparseguard_top|sparseguard:u_core|sha256_core:hash_core|block_buf[26][4] ;
; 8:1                ; 7 bits    ; 35 LEs        ; 14 LEs               ; 21 LEs                 ; Yes        ; |sparseguard_top|sparseguard:u_core|sha256_core:hash_core|block_buf[25][6] ;
; 8:1                ; 7 bits    ; 35 LEs        ; 14 LEs               ; 21 LEs                 ; Yes        ; |sparseguard_top|sparseguard:u_core|sha256_core:hash_core|block_buf[24][2] ;
; 8:1                ; 7 bits    ; 35 LEs        ; 14 LEs               ; 21 LEs                 ; Yes        ; |sparseguard_top|sparseguard:u_core|sha256_core:hash_core|block_buf[23][0] ;
; 8:1                ; 7 bits    ; 35 LEs        ; 14 LEs               ; 21 LEs                 ; Yes        ; |sparseguard_top|sparseguard:u_core|sha256_core:hash_core|block_buf[22][5] ;
; 8:1                ; 7 bits    ; 35 LEs        ; 14 LEs               ; 21 LEs                 ; Yes        ; |sparseguard_top|sparseguard:u_core|sha256_core:hash_core|block_buf[21][6] ;
; 8:1                ; 7 bits    ; 35 LEs        ; 14 LEs               ; 21 LEs                 ; Yes        ; |sparseguard_top|sparseguard:u_core|sha256_core:hash_core|block_buf[20][4] ;
; 8:1                ; 7 bits    ; 35 LEs        ; 14 LEs               ; 21 LEs                 ; Yes        ; |sparseguard_top|sparseguard:u_core|sha256_core:hash_core|block_buf[19][6] ;
; 8:1                ; 7 bits    ; 35 LEs        ; 14 LEs               ; 21 LEs                 ; Yes        ; |sparseguard_top|sparseguard:u_core|sha256_core:hash_core|block_buf[18][0] ;
; 8:1                ; 7 bits    ; 35 LEs        ; 14 LEs               ; 21 LEs                 ; Yes        ; |sparseguard_top|sparseguard:u_core|sha256_core:hash_core|block_buf[17][4] ;
; 8:1                ; 7 bits    ; 35 LEs        ; 14 LEs               ; 21 LEs                 ; Yes        ; |sparseguard_top|sparseguard:u_core|sha256_core:hash_core|block_buf[16][3] ;
; 8:1                ; 7 bits    ; 35 LEs        ; 14 LEs               ; 21 LEs                 ; Yes        ; |sparseguard_top|sparseguard:u_core|sha256_core:hash_core|block_buf[15][3] ;
; 8:1                ; 7 bits    ; 35 LEs        ; 14 LEs               ; 21 LEs                 ; Yes        ; |sparseguard_top|sparseguard:u_core|sha256_core:hash_core|block_buf[14][0] ;
; 8:1                ; 7 bits    ; 35 LEs        ; 14 LEs               ; 21 LEs                 ; Yes        ; |sparseguard_top|sparseguard:u_core|sha256_core:hash_core|block_buf[13][0] ;
; 8:1                ; 7 bits    ; 35 LEs        ; 14 LEs               ; 21 LEs                 ; Yes        ; |sparseguard_top|sparseguard:u_core|sha256_core:hash_core|block_buf[12][1] ;
; 8:1                ; 7 bits    ; 35 LEs        ; 14 LEs               ; 21 LEs                 ; Yes        ; |sparseguard_top|sparseguard:u_core|sha256_core:hash_core|block_buf[11][0] ;
; 8:1                ; 7 bits    ; 35 LEs        ; 14 LEs               ; 21 LEs                 ; Yes        ; |sparseguard_top|sparseguard:u_core|sha256_core:hash_core|block_buf[10][0] ;
; 8:1                ; 7 bits    ; 35 LEs        ; 14 LEs               ; 21 LEs                 ; Yes        ; |sparseguard_top|sparseguard:u_core|sha256_core:hash_core|block_buf[9][4]  ;
; 8:1                ; 7 bits    ; 35 LEs        ; 14 LEs               ; 21 LEs                 ; Yes        ; |sparseguard_top|sparseguard:u_core|sha256_core:hash_core|block_buf[8][4]  ;
; 8:1                ; 7 bits    ; 35 LEs        ; 14 LEs               ; 21 LEs                 ; Yes        ; |sparseguard_top|sparseguard:u_core|sha256_core:hash_core|block_buf[7][6]  ;
; 8:1                ; 7 bits    ; 35 LEs        ; 14 LEs               ; 21 LEs                 ; Yes        ; |sparseguard_top|sparseguard:u_core|sha256_core:hash_core|block_buf[6][5]  ;
; 8:1                ; 7 bits    ; 35 LEs        ; 14 LEs               ; 21 LEs                 ; Yes        ; |sparseguard_top|sparseguard:u_core|sha256_core:hash_core|block_buf[5][2]  ;
; 8:1                ; 7 bits    ; 35 LEs        ; 14 LEs               ; 21 LEs                 ; Yes        ; |sparseguard_top|sparseguard:u_core|sha256_core:hash_core|block_buf[4][3]  ;
; 8:1                ; 7 bits    ; 35 LEs        ; 14 LEs               ; 21 LEs                 ; Yes        ; |sparseguard_top|sparseguard:u_core|sha256_core:hash_core|block_buf[3][6]  ;
; 8:1                ; 7 bits    ; 35 LEs        ; 14 LEs               ; 21 LEs                 ; Yes        ; |sparseguard_top|sparseguard:u_core|sha256_core:hash_core|block_buf[2][4]  ;
; 8:1                ; 7 bits    ; 35 LEs        ; 14 LEs               ; 21 LEs                 ; Yes        ; |sparseguard_top|sparseguard:u_core|sha256_core:hash_core|block_buf[1][2]  ;
; 8:1                ; 7 bits    ; 35 LEs        ; 14 LEs               ; 21 LEs                 ; Yes        ; |sparseguard_top|sparseguard:u_core|sha256_core:hash_core|block_buf[0][5]  ;
; 9:1                ; 4 bits    ; 24 LEs        ; 8 LEs                ; 16 LEs                 ; Yes        ; |sparseguard_top|sparseguard:u_core|sha256_core:hash_core|block_buf[63][5] ;
; 11:1               ; 7 bits    ; 49 LEs        ; 14 LEs               ; 35 LEs                 ; Yes        ; |sparseguard_top|sparseguard:u_core|sha256_core:hash_core|round_cnt[6]     ;
; 259:1              ; 4 bits    ; 688 LEs       ; 12 LEs               ; 676 LEs                ; Yes        ; |sparseguard_top|sparseguard:u_core|vpu_decoder:decoder|f_idx[3]           ;
; 3:1                ; 2 bits    ; 4 LEs         ; 4 LEs                ; 0 LEs                  ; No         ; |sparseguard_top|sparseguard:u_core|ram_we                                 ;
; 4:1                ; 57 bits   ; 114 LEs       ; 114 LEs              ; 0 LEs                  ; No         ; |sparseguard_top|sparseguard:u_core|relu_quant:rq|ShiftRight0              ;
; 4:1                ; 4 bits    ; 8 LEs         ; 8 LEs                ; 0 LEs                  ; No         ; |sparseguard_top|sparseguard:u_core|relu_quant:rq|ShiftRight0              ;
; 4:1                ; 39 bits   ; 78 LEs        ; 78 LEs               ; 0 LEs                  ; No         ; |sparseguard_top|sparseguard:u_core|relu_quant:rq|ShiftRight0              ;
; 3:1                ; 16 bits   ; 32 LEs        ; 32 LEs               ; 0 LEs                  ; No         ; |sparseguard_top|sparseguard:u_core|relu_quant:rq|ShiftLeft0               ;
; 3:1                ; 16 bits   ; 32 LEs        ; 32 LEs               ; 0 LEs                  ; No         ; |sparseguard_top|sparseguard:u_core|relu_quant:rq|ShiftLeft0               ;
; 3:1                ; 16 bits   ; 32 LEs        ; 32 LEs               ; 0 LEs                  ; No         ; |sparseguard_top|sparseguard:u_core|relu_quant:rq|ShiftLeft0               ;
; 3:1                ; 16 bits   ; 32 LEs        ; 32 LEs               ; 0 LEs                  ; No         ; |sparseguard_top|sparseguard:u_core|relu_quant:rq|ShiftLeft0               ;
; 4:1                ; 40 bits   ; 80 LEs        ; 80 LEs               ; 0 LEs                  ; No         ; |sparseguard_top|sparseguard:u_core|ram_wdata[8]                           ;
; 5:1                ; 15 bits   ; 45 LEs        ; 30 LEs               ; 15 LEs                 ; No         ; |sparseguard_top|sparseguard:u_core|relu_quant:rq|ShiftRight0              ;
; 17:1               ; 32 bits   ; 352 LEs       ; 352 LEs              ; 0 LEs                  ; No         ; |sparseguard_top|sparseguard:u_core|sha256_core:hash_core|W_val[18]        ;
; 8:1                ; 32 bits   ; 160 LEs       ; 160 LEs              ; 0 LEs                  ; No         ; |sparseguard_top|sparseguard:u_core|mac_f3[3]                              ;
; 8:1                ; 8 bits    ; 40 LEs        ; 40 LEs               ; 0 LEs                  ; No         ; |sparseguard_top|sparseguard:u_core|relu_quant:rq|ShiftRight0              ;
; 9:1                ; 3 bits    ; 18 LEs        ; 18 LEs               ; 0 LEs                  ; No         ; |sparseguard_top|sparseguard:u_core|relu_quant:rq|hq_out[6]                ;
; 256:1              ; 4 bits    ; 680 LEs       ; 8 LEs                ; 672 LEs                ; No         ; |sparseguard_top|sparseguard:u_core|vpu_decoder:decoder|Selector37         ;
; 12:1               ; 4 bits    ; 32 LEs        ; 32 LEs               ; 0 LEs                  ; No         ; |sparseguard_top|sparseguard:u_core|relu_quant:rq|hq_out[2]                ;
; 11:1               ; 5 bits    ; 35 LEs        ; 20 LEs               ; 15 LEs                 ; No         ; |sparseguard_top|sparseguard:u_core|Selector0                              ;
; 271:1              ; 32 bits   ; 5760 LEs      ; 544 LEs              ; 5216 LEs               ; No         ; |sparseguard_top|sparseguard:u_core|vpu_decoder:decoder|Selector21         ;
; 17:1               ; 3 bits    ; 33 LEs        ; 12 LEs               ; 21 LEs                 ; No         ; |sparseguard_top|sparseguard:u_core|sha256_core:hash_core|Selector583      ;
; 18:1               ; 2 bits    ; 24 LEs        ; 10 LEs               ; 14 LEs                 ; No         ; |sparseguard_top|sparseguard:u_core|sha256_core:hash_core|Selector582      ;
+--------------------+-----------+---------------+----------------------+------------------------+------------+----------------------------------------------------------------------------+


+-----------------------------------------------------------------------------------------------------------+
; Source assignments for sparseguard:u_core|vpu_ram:ram|altsyncram:mem_rtl_0|altsyncram_g3q1:auto_generated ;
+---------------------------------+--------------------+------+---------------------------------------------+
; Assignment                      ; Value              ; From ; To                                          ;
+---------------------------------+--------------------+------+---------------------------------------------+
; OPTIMIZE_POWER_DURING_SYNTHESIS ; NORMAL_COMPILATION ; -    ; -                                           ;
+---------------------------------+--------------------+------+---------------------------------------------+


+------------------------------------------------------------------------------------------------------+
; Parameter Settings for Inferred Entity Instance: sparseguard:u_core|vpu_ram:ram|altsyncram:mem_rtl_0 ;
+------------------------------------+----------------------+------------------------------------------+
; Parameter Name                     ; Value                ; Type                                     ;
+------------------------------------+----------------------+------------------------------------------+
; BYTE_SIZE_BLOCK                    ; 8                    ; Untyped                                  ;
; AUTO_CARRY_CHAINS                  ; ON                   ; AUTO_CARRY                               ;
; IGNORE_CARRY_BUFFERS               ; OFF                  ; IGNORE_CARRY                             ;
; AUTO_CASCADE_CHAINS                ; ON                   ; AUTO_CASCADE                             ;
; IGNORE_CASCADE_BUFFERS             ; OFF                  ; IGNORE_CASCADE                           ;
; WIDTH_BYTEENA                      ; 1                    ; Untyped                                  ;
; OPERATION_MODE                     ; DUAL_PORT            ; Untyped                                  ;
; WIDTH_A                            ; 32                   ; Untyped                                  ;
; WIDTHAD_A                          ; 8                    ; Untyped                                  ;
; NUMWORDS_A                         ; 256                  ; Untyped                                  ;
; OUTDATA_REG_A                      ; UNREGISTERED         ; Untyped                                  ;
; ADDRESS_ACLR_A                     ; NONE                 ; Untyped                                  ;
; OUTDATA_ACLR_A                     ; NONE                 ; Untyped                                  ;
; WRCONTROL_ACLR_A                   ; NONE                 ; Untyped                                  ;
; INDATA_ACLR_A                      ; NONE                 ; Untyped                                  ;
; BYTEENA_ACLR_A                     ; NONE                 ; Untyped                                  ;
; WIDTH_B                            ; 32                   ; Untyped                                  ;
; WIDTHAD_B                          ; 8                    ; Untyped                                  ;
; NUMWORDS_B                         ; 256                  ; Untyped                                  ;
; INDATA_REG_B                       ; CLOCK1               ; Untyped                                  ;
; WRCONTROL_WRADDRESS_REG_B          ; CLOCK1               ; Untyped                                  ;
; RDCONTROL_REG_B                    ; CLOCK0               ; Untyped                                  ;
; ADDRESS_REG_B                      ; CLOCK0               ; Untyped                                  ;
; OUTDATA_REG_B                      ; UNREGISTERED         ; Untyped                                  ;
; BYTEENA_REG_B                      ; CLOCK1               ; Untyped                                  ;
; INDATA_ACLR_B                      ; NONE                 ; Untyped                                  ;
; WRCONTROL_ACLR_B                   ; NONE                 ; Untyped                                  ;
; ADDRESS_ACLR_B                     ; NONE                 ; Untyped                                  ;
; OUTDATA_ACLR_B                     ; NONE                 ; Untyped                                  ;
; RDCONTROL_ACLR_B                   ; NONE                 ; Untyped                                  ;
; BYTEENA_ACLR_B                     ; NONE                 ; Untyped                                  ;
; WIDTH_BYTEENA_A                    ; 1                    ; Untyped                                  ;
; WIDTH_BYTEENA_B                    ; 1                    ; Untyped                                  ;
; RAM_BLOCK_TYPE                     ; AUTO                 ; Untyped                                  ;
; BYTE_SIZE                          ; 8                    ; Untyped                                  ;
; READ_DURING_WRITE_MODE_MIXED_PORTS ; OLD_DATA             ; Untyped                                  ;
; READ_DURING_WRITE_MODE_PORT_A      ; NEW_DATA_NO_NBE_READ ; Untyped                                  ;
; READ_DURING_WRITE_MODE_PORT_B      ; NEW_DATA_NO_NBE_READ ; Untyped                                  ;
; INIT_FILE                          ; UNUSED               ; Untyped                                  ;
; INIT_FILE_LAYOUT                   ; PORT_A               ; Untyped                                  ;
; MAXIMUM_DEPTH                      ; 0                    ; Untyped                                  ;
; CLOCK_ENABLE_INPUT_A               ; NORMAL               ; Untyped                                  ;
; CLOCK_ENABLE_INPUT_B               ; NORMAL               ; Untyped                                  ;
; CLOCK_ENABLE_OUTPUT_A              ; NORMAL               ; Untyped                                  ;
; CLOCK_ENABLE_OUTPUT_B              ; NORMAL               ; Untyped                                  ;
; CLOCK_ENABLE_CORE_A                ; USE_INPUT_CLKEN      ; Untyped                                  ;
; CLOCK_ENABLE_CORE_B                ; USE_INPUT_CLKEN      ; Untyped                                  ;
; ENABLE_ECC                         ; FALSE                ; Untyped                                  ;
; ECC_PIPELINE_STAGE_ENABLED         ; FALSE                ; Untyped                                  ;
; WIDTH_ECCSTATUS                    ; 3                    ; Untyped                                  ;
; DEVICE_FAMILY                      ; Cyclone V            ; Untyped                                  ;
; CBXI_PARAMETER                     ; altsyncram_g3q1      ; Untyped                                  ;
+------------------------------------+----------------------+------------------------------------------+
Note: In order to hide this table in the UI and the text report file, please set the "Show Parameter Settings in Synthesis Report" option in "Analysis and Synthesis Settings -> More Settings" to "Off".


+-------------------------------------------------------------------------------------------------+
; altsyncram Parameter Settings by Entity Instance                                                ;
+-------------------------------------------+-----------------------------------------------------+
; Name                                      ; Value                                               ;
+-------------------------------------------+-----------------------------------------------------+
; Number of entity instances                ; 1                                                   ;
; Entity Instance                           ; sparseguard:u_core|vpu_ram:ram|altsyncram:mem_rtl_0 ;
;     -- OPERATION_MODE                     ; DUAL_PORT                                           ;
;     -- WIDTH_A                            ; 32                                                  ;
;     -- NUMWORDS_A                         ; 256                                                 ;
;     -- OUTDATA_REG_A                      ; UNREGISTERED                                        ;
;     -- WIDTH_B                            ; 32                                                  ;
;     -- NUMWORDS_B                         ; 256                                                 ;
;     -- ADDRESS_REG_B                      ; CLOCK0                                              ;
;     -- OUTDATA_REG_B                      ; UNREGISTERED                                        ;
;     -- RAM_BLOCK_TYPE                     ; AUTO                                                ;
;     -- READ_DURING_WRITE_MODE_MIXED_PORTS ; OLD_DATA                                            ;
+-------------------------------------------+-----------------------------------------------------+


+----------------------------------------------------------------------------------------------------------------------+
; Port Connectivity Checks: "sparseguard:u_core|sha256_core:hash_core"                                                 ;
+------------+--------+----------+-------------------------------------------------------------------------------------+
; Port       ; Type   ; Severity ; Details                                                                             ;
+------------+--------+----------+-------------------------------------------------------------------------------------+
; hash_ready ; Output ; Info     ; Connected to dangling logic. Logic that only feeds a dangling port will be removed. ;
+------------+--------+----------+-------------------------------------------------------------------------------------+


+--------------------------------------------------------------------------------------------------------------------------+
; Port Connectivity Checks: "sparseguard:u_core|vpu_decoder:decoder"                                                       ;
+----------------+--------+----------+-------------------------------------------------------------------------------------+
; Port           ; Type   ; Severity ; Details                                                                             ;
+----------------+--------+----------+-------------------------------------------------------------------------------------+
; alarm          ; Output ; Info     ; Connected to dangling logic. Logic that only feeds a dangling port will be removed. ;
; mac_clear_acc  ; Output ; Info     ; Connected to dangling logic. Logic that only feeds a dangling port will be removed. ;
; feat_idx[3..2] ; Output ; Info     ; Connected to dangling logic. Logic that only feeds a dangling port will be removed. ;
+----------------+--------+----------+-------------------------------------------------------------------------------------+


+---------------------------------------------------------+
; Port Connectivity Checks: "sparseguard:u_core"          ;
+------------+--------+----------+------------------------+
; Port       ; Type   ; Severity ; Details                ;
+------------+--------+----------+------------------------+
; acc2_debug ; Output ; Info     ; Explicitly unconnected ;
+------------+--------+----------+------------------------+


+-------------------------------------------------+
; Port Connectivity Checks: "spi_slave:u_spi"     ;
+---------------+-------+----------+--------------+
; Port          ; Type  ; Severity ; Details      ;
+---------------+-------+----------+--------------+
; tx_data[7..4] ; Input ; Info     ; Stuck at GND ;
+---------------+-------+----------+--------------+


+-----------------------------------------------------+
; Post-Synthesis Netlist Statistics for Top Partition ;
+-----------------------+-----------------------------+
; Type                  ; Count                       ;
+-----------------------+-----------------------------+
; arriav_ff             ; 2769                        ;
;     CLR               ; 110                         ;
;     ENA               ; 1120                        ;
;     ENA CLR           ; 782                         ;
;     ENA CLR SCLR      ; 414                         ;
;     ENA CLR SCLR SLD  ; 2                           ;
;     ENA CLR SLD       ; 21                          ;
;     ENA SLD           ; 288                         ;
;     plain             ; 32                          ;
; arriav_lcell_comb     ; 2804                        ;
;     arith             ; 553                         ;
;         1 data inputs ; 132                         ;
;         2 data inputs ; 362                         ;
;         3 data inputs ; 59                          ;
;     extend            ; 4                           ;
;         7 data inputs ; 4                           ;
;     normal            ; 2055                        ;
;         0 data inputs ; 1                           ;
;         1 data inputs ; 279                         ;
;         2 data inputs ; 102                         ;
;         3 data inputs ; 351                         ;
;         4 data inputs ; 162                         ;
;         5 data inputs ; 297                         ;
;         6 data inputs ; 863                         ;
;     shared            ; 192                         ;
;         3 data inputs ; 160                         ;
;         4 data inputs ; 32                          ;
; arriav_mac            ; 7                           ;
; boundary_port         ; 10                          ;
; stratixv_ram_block    ; 32                          ;
;                       ;                             ;
; Max LUT depth         ; 18.70                       ;
; Average LUT depth     ; 6.02                        ;
+-----------------------+-----------------------------+


+-------------------------------+
; Elapsed Time Per Partition    ;
+----------------+--------------+
; Partition Name ; Elapsed Time ;
+----------------+--------------+
; Top            ; 00:00:06     ;
+----------------+--------------+


+-------------------------------+
; Analysis & Synthesis Messages ;
+-------------------------------+
Info: *******************************************************************
Info: Running Quartus Prime Analysis & Synthesis
    Info: Version 25.1std.0 Build 1129 10/21/2025 SC Lite Edition
    Info: Processing started: Thu Oct  8 15:54:12 2026
Info: Command: quartus_map --read_settings_files=on --write_settings_files=off SparseGuard -c sparseguard
Warning (18236): Number of processors has not been specified which may cause overloading on shared machines.  Set the global assignment NUM_PARALLEL_PROCESSORS in your QSF to an appropriate value for best performance.
Info (20030): Parallel compilation is enabled and will use 14 of the 14 processors detected
Info (12021): Found 1 design units, including 1 entities, in source file rtl/feature_buf.sv
    Info (12023): Found entity 1: feature_buf File: D:/SparseGuard/rtl/feature_buf.sv Line: 1
Info (12021): Found 1 design units, including 1 entities, in source file rtl/hidden_buf.sv
    Info (12023): Found entity 1: hidden_buf File: D:/SparseGuard/rtl/hidden_buf.sv Line: 1
Info (12021): Found 1 design units, including 1 entities, in source file rtl/integrity_boot.sv
    Info (12023): Found entity 1: integrity_boot File: D:/SparseGuard/rtl/integrity_boot.sv Line: 2
Info (12021): Found 1 design units, including 1 entities, in source file rtl/mac_array.sv
    Info (12023): Found entity 1: mac_array File: D:/SparseGuard/rtl/mac_array.sv Line: 1
Info (12021): Found 1 design units, including 1 entities, in source file rtl/output_cmp.sv
    Info (12023): Found entity 1: output_cmp File: D:/SparseGuard/rtl/output_cmp.sv Line: 1
Info (12021): Found 1 design units, including 1 entities, in source file rtl/reference_digest.sv
    Info (12023): Found entity 1: reference_digest File: D:/SparseGuard/rtl/reference_digest.sv Line: 2
Info (12021): Found 1 design units, including 1 entities, in source file rtl/relu_quant.sv
    Info (12023): Found entity 1: relu_quant File: D:/SparseGuard/rtl/relu_quant.sv Line: 1
Info (12021): Found 1 design units, including 1 entities, in source file rtl/sha256_core.sv
    Info (12023): Found entity 1: sha256_core File: D:/SparseGuard/rtl/sha256_core.sv Line: 1
Info (12021): Found 1 design units, including 1 entities, in source file rtl/sparseguard.sv
    Info (12023): Found entity 1: sparseguard File: D:/SparseGuard/rtl/sparseguard.sv Line: 3
Info (12021): Found 1 design units, including 1 entities, in source file rtl/spi_slave.sv
    Info (12023): Found entity 1: spi_slave File: D:/SparseGuard/rtl/spi_slave.sv Line: 1
Info (12021): Found 1 design units, including 1 entities, in source file rtl/sparseguard_top.sv
    Info (12023): Found entity 1: sparseguard_top File: D:/SparseGuard/rtl/sparseguard_top.sv Line: 1
Info (12021): Found 1 design units, including 1 entities, in source file rtl/vpu_decoder.sv
    Info (12023): Found entity 1: vpu_decoder File: D:/SparseGuard/rtl/vpu_decoder.sv Line: 3
Info (12021): Found 1 design units, including 1 entities, in source file rtl/vpu_ram.sv
    Info (12023): Found entity 1: vpu_ram File: D:/SparseGuard/rtl/vpu_ram.sv Line: 3
Info (12127): Elaborating entity "sparseguard_top" for the top level hierarchy
Info (12128): Elaborating entity "spi_slave" for hierarchy "spi_slave:u_spi" File: D:/SparseGuard/rtl/sparseguard_top.sv Line: 50
Info (12128): Elaborating entity "sparseguard" for hierarchy "sparseguard:u_core" File: D:/SparseGuard/rtl/sparseguard_top.sv Line: 63
Info (12128): Elaborating entity "vpu_ram" for hierarchy "sparseguard:u_core|vpu_ram:ram" File: D:/SparseGuard/rtl/sparseguard.sv Line: 73
Info (12128): Elaborating entity "vpu_decoder" for hierarchy "sparseguard:u_core|vpu_decoder:decoder" File: D:/SparseGuard/rtl/sparseguard.sv Line: 84
Warning (10230): Verilog HDL assignment warning at vpu_decoder.sv(240): truncated value with size 32 to match size of target (8) File: D:/SparseGuard/rtl/vpu_decoder.sv Line: 240
Warning (10230): Verilog HDL assignment warning at vpu_decoder.sv(262): truncated value with size 32 to match size of target (8) File: D:/SparseGuard/rtl/vpu_decoder.sv Line: 262
Info (12128): Elaborating entity "sha256_core" for hierarchy "sparseguard:u_core|sha256_core:hash_core" File: D:/SparseGuard/rtl/sparseguard.sv Line: 91
Warning (10240): Verilog HDL Always Construct warning at sha256_core.sv(53): inferring latch(es) for variable "total_bits", which holds its previous value in one or more paths through the always construct File: D:/SparseGuard/rtl/sha256_core.sv Line: 53
Info (10041): Inferred latch for "total_bits[0]" at sha256_core.sv(53) File: D:/SparseGuard/rtl/sha256_core.sv Line: 53
Info (10041): Inferred latch for "total_bits[1]" at sha256_core.sv(53) File: D:/SparseGuard/rtl/sha256_core.sv Line: 53
Info (10041): Inferred latch for "total_bits[2]" at sha256_core.sv(53) File: D:/SparseGuard/rtl/sha256_core.sv Line: 53
Info (12128): Elaborating entity "reference_digest" for hierarchy "sparseguard:u_core|reference_digest:refd" File: D:/SparseGuard/rtl/sparseguard.sv Line: 93
Info (12128): Elaborating entity "integrity_boot" for hierarchy "sparseguard:u_core|integrity_boot:boot_chk" File: D:/SparseGuard/rtl/sparseguard.sv Line: 99
Info (12128): Elaborating entity "feature_buf" for hierarchy "sparseguard:u_core|feature_buf:fbuf" File: D:/SparseGuard/rtl/sparseguard.sv Line: 106
Info (12128): Elaborating entity "hidden_buf" for hierarchy "sparseguard:u_core|hidden_buf:hbuf" File: D:/SparseGuard/rtl/sparseguard.sv Line: 112
Info (12128): Elaborating entity "mac_array" for hierarchy "sparseguard:u_core|mac_array:mac" File: D:/SparseGuard/rtl/sparseguard.sv Line: 151
Info (12128): Elaborating entity "relu_quant" for hierarchy "sparseguard:u_core|relu_quant:rq" File: D:/SparseGuard/rtl/sparseguard.sv Line: 156
Warning (10764): Verilog HDL warning at relu_quant.sv(19): converting signed shift amount to unsigned File: D:/SparseGuard/rtl/relu_quant.sv Line: 19
Warning (10764): Verilog HDL warning at relu_quant.sv(22): converting signed shift amount to unsigned File: D:/SparseGuard/rtl/relu_quant.sv Line: 22
Info (12128): Elaborating entity "output_cmp" for hierarchy "sparseguard:u_core|output_cmp:ocmp" File: D:/SparseGuard/rtl/sparseguard.sv Line: 161
Info (19000): Inferred 1 megafunctions from design logic
    Info (276029): Inferred altsyncram megafunction from the following design logic: "sparseguard:u_core|vpu_ram:ram|mem_rtl_0" 
        Info (286033): Parameter OPERATION_MODE set to DUAL_PORT
        Info (286033): Parameter WIDTH_A set to 32
        Info (286033): Parameter WIDTHAD_A set to 8
        Info (286033): Parameter NUMWORDS_A set to 256
        Info (286033): Parameter WIDTH_B set to 32
        Info (286033): Parameter WIDTHAD_B set to 8
        Info (286033): Parameter NUMWORDS_B set to 256
        Info (286033): Parameter ADDRESS_ACLR_A set to NONE
        Info (286033): Parameter OUTDATA_REG_B set to UNREGISTERED
        Info (286033): Parameter ADDRESS_ACLR_B set to NONE
        Info (286033): Parameter OUTDATA_ACLR_B set to NONE
        Info (286033): Parameter ADDRESS_REG_B set to CLOCK0
        Info (286033): Parameter INDATA_ACLR_A set to NONE
        Info (286033): Parameter WRCONTROL_ACLR_A set to NONE
        Info (286033): Parameter READ_DURING_WRITE_MODE_MIXED_PORTS set to OLD_DATA
        Info (286033): Parameter RDCONTROL_REG_B set to CLOCK0
Info (12130): Elaborated megafunction instantiation "sparseguard:u_core|vpu_ram:ram|altsyncram:mem_rtl_0"
Info (12133): Instantiated megafunction "sparseguard:u_core|vpu_ram:ram|altsyncram:mem_rtl_0" with the following parameter:
    Info (12134): Parameter "OPERATION_MODE" = "DUAL_PORT"
    Info (12134): Parameter "WIDTH_A" = "32"
    Info (12134): Parameter "WIDTHAD_A" = "8"
    Info (12134): Parameter "NUMWORDS_A" = "256"
    Info (12134): Parameter "WIDTH_B" = "32"
    Info (12134): Parameter "WIDTHAD_B" = "8"
    Info (12134): Parameter "NUMWORDS_B" = "256"
    Info (12134): Parameter "ADDRESS_ACLR_A" = "NONE"
    Info (12134): Parameter "OUTDATA_REG_B" = "UNREGISTERED"
    Info (12134): Parameter "ADDRESS_ACLR_B" = "NONE"
    Info (12134): Parameter "OUTDATA_ACLR_B" = "NONE"
    Info (12134): Parameter "ADDRESS_REG_B" = "CLOCK0"
    Info (12134): Parameter "INDATA_ACLR_A" = "NONE"
    Info (12134): Parameter "WRCONTROL_ACLR_A" = "NONE"
    Info (12134): Parameter "READ_DURING_WRITE_MODE_MIXED_PORTS" = "OLD_DATA"
    Info (12134): Parameter "RDCONTROL_REG_B" = "CLOCK0"
Info (12021): Found 1 design units, including 1 entities, in source file db/altsyncram_g3q1.tdf
    Info (12023): Found entity 1: altsyncram_g3q1 File: D:/SparseGuard/db/altsyncram_g3q1.tdf Line: 28
Info (286030): Timing-Driven Synthesis is running
Info (17049): 13 registers lost all their fanouts during netlist optimizations.
Info (16010): Generating hard_block partition "hard_block:auto_generated_inst"
    Info (16011): Adding 0 node(s), including 0 DDIO, 0 PLL, 0 transceiver and 0 LCELL
Info (21057): Implemented 4997 device resources after synthesis - the final resource count might be different
    Info (21058): Implemented 5 input pins
    Info (21059): Implemented 5 output pins
    Info (21061): Implemented 4948 logic cells
    Info (21064): Implemented 32 RAM segments
    Info (21062): Implemented 7 DSP elements
Info: Quartus Prime Analysis & Synthesis was successful. 0 errors, 6 warnings
    Info: Peak virtual memory: 4947 megabytes
    Info: Processing ended: Thu Oct  8 15:54:28 2026
    Info: Elapsed time: 00:00:16
    Info: Total CPU time (on all processors): 00:00:33


